<testsuite errors="0" failures="0" name="Django Project Tests" skips="0" tests="40" time="0.729"><testcase classname="encrypt_decrypt.tests.RSAEncryptionTestCase" name="test_10_decrypt_string" time="0.000380" /><testcase classname="encrypt_decrypt.tests.RSAEncryptionTestCase" name="test_10_encrypt_string" time="0.000309" /><testcase classname="encrypt_decrypt.tests.RSAEncryptionTestCase" name="test_10_generate_prime_number" time="0.152379" /><testcase classname="encrypt_decrypt.tests.RSAEncryptionTestCase" name="test_10_modular_mult_inverse" time="0.000287" /><testcase classname="encrypt_decrypt.tests.RSAEncryptionTestCase" name="test_1_decrypt_string" time="0.000265" /><testcase classname="encrypt_decrypt.tests.RSAEncryptionTestCase" name="test_1_encrypt_string" time="0.000279" /><testcase classname="encrypt_decrypt.tests.RSAEncryptionTestCase" name="test_1_generate_prime_number" time="0.024837" /><testcase classname="encrypt_decrypt.tests.RSAEncryptionTestCase" name="test_1_modular_mult_inverse" time="0.000267" /><testcase classname="encrypt_decrypt.tests.RSAEncryptionTestCase" name="test_2_decrypt_string" time="0.000390" /><testcase classname="encrypt_decrypt.tests.RSAEncryptionTestCase" name="test_2_encrypt_string" time="0.000345" /><testcase classname="encrypt_decrypt.tests.RSAEncryptionTestCase" name="test_2_generate_prime_number" time="0.114872" /><testcase classname="encrypt_decrypt.tests.RSAEncryptionTestCase" name="test_2_modular_mult_inverse" time="0.000179" /><testcase classname="encrypt_decrypt.tests.RSAEncryptionTestCase" name="test_3_decrypt_string" time="0.000297" /><testcase classname="encrypt_decrypt.tests.RSAEncryptionTestCase" name="test_3_encrypt_string" time="0.000285" /><testcase classname="encrypt_decrypt.tests.RSAEncryptionTestCase" name="test_3_generate_prime_number" time="0.024394" /><testcase classname="encrypt_decrypt.tests.RSAEncryptionTestCase" name="test_3_modular_mult_inverse" time="0.000257" /><testcase classname="encrypt_decrypt.tests.RSAEncryptionTestCase" name="test_4_decrypt_string" time="0.000327" /><testcase classname="encrypt_decrypt.tests.RSAEncryptionTestCase" name="test_4_encrypt_string" time="0.000304" /><testcase classname="encrypt_decrypt.tests.RSAEncryptionTestCase" name="test_4_generate_prime_number" time="0.022660" /><testcase classname="encrypt_decrypt.tests.RSAEncryptionTestCase" name="test_4_modular_mult_inverse" time="0.000484" /><testcase classname="encrypt_decrypt.tests.RSAEncryptionTestCase" name="test_5_decrypt_string" time="0.000309" /><testcase classname="encrypt_decrypt.tests.RSAEncryptionTestCase" name="test_5_encrypt_string" time="0.000284" /><testcase classname="encrypt_decrypt.tests.RSAEncryptionTestCase" name="test_5_generate_prime_number" time="0.088342" /><testcase classname="encrypt_decrypt.tests.RSAEncryptionTestCase" name="test_5_modular_mult_inverse" time="0.000106" /><testcase classname="encrypt_decrypt.tests.RSAEncryptionTestCase" name="test_6_decrypt_string" time="0.000321" /><testcase classname="encrypt_decrypt.tests.RSAEncryptionTestCase" name="test_6_encrypt_string" time="0.000277" /><testcase classname="encrypt_decrypt.tests.RSAEncryptionTestCase" name="test_6_generate_prime_number" time="0.117546" /><testcase classname="encrypt_decrypt.tests.RSAEncryptionTestCase" name="test_6_modular_mult_inverse" time="0.000268" /><testcase classname="encrypt_decrypt.tests.RSAEncryptionTestCase" name="test_7_decrypt_string" time="0.000308" /><testcase classname="encrypt_decrypt.tests.RSAEncryptionTestCase" name="test_7_encrypt_string" time="0.000293" /><testcase classname="encrypt_decrypt.tests.RSAEncryptionTestCase" name="test_7_generate_prime_number" time="0.039930" /><testcase classname="encrypt_decrypt.tests.RSAEncryptionTestCase" name="test_7_modular_mult_inverse" time="0.000348" /><testcase classname="encrypt_decrypt.tests.RSAEncryptionTestCase" name="test_8_decrypt_string" time="0.000174" /><testcase classname="encrypt_decrypt.tests.RSAEncryptionTestCase" name="test_8_encrypt_string" time="0.000379" /><testcase classname="encrypt_decrypt.tests.RSAEncryptionTestCase" name="test_8_generate_prime_number" time="0.063035" /><testcase classname="encrypt_decrypt.tests.RSAEncryptionTestCase" name="test_8_modular_mult_inverse" time="0.000264" /><testcase classname="encrypt_decrypt.tests.RSAEncryptionTestCase" name="test_9_decrypt_string" time="0.000295" /><testcase classname="encrypt_decrypt.tests.RSAEncryptionTestCase" name="test_9_encrypt_string" time="0.000363" /><testcase classname="encrypt_decrypt.tests.RSAEncryptionTestCase" name="test_9_generate_prime_number" time="0.021461" /><testcase classname="encrypt_decrypt.tests.RSAEncryptionTestCase" name="test_9_modular_mult_inverse" time="0.000231" /></testsuite>